Used names
	src/main/scala/Foo.scala: <init>, A, AnyRef, Object, bar, foo, scala
Number of compilations: 1
